=== Starting Quantum Plankton Pipeline ===
Timestamp: 20260305_211301
Cooldown period: 60 seconds
Log file: /Users/enrique/Desktop/fun_repos/quantum-mnist/logs/pipeline_20260305_211301.log
Platform: linux/amd64


--- Phase 1: Build Docker Image ---
Command: docker build --platform linux/amd64 -t quantum-plankton .
Started: 2026-03-05 21:13:01
#0 building with "desktop-linux" instance using docker driver

#1 [internal] load build definition from Dockerfile
#1 transferring dockerfile: 1.62kB done
#1 DONE 0.0s

#2 [internal] load metadata for docker.io/tensorflow/tensorflow:2.7.0
#2 DONE 0.5s

#3 [internal] load .dockerignore
#3 transferring context: 103B done
#3 DONE 0.0s

#4 [1/7] FROM docker.io/tensorflow/tensorflow:2.7.0@sha256:31e09cf438a41f12c759cc8cc79c6b0fbb0db5abfc3de8169e916c8c9ac38dc5
#4 resolve docker.io/tensorflow/tensorflow:2.7.0@sha256:31e09cf438a41f12c759cc8cc79c6b0fbb0db5abfc3de8169e916c8c9ac38dc5 done
#4 DONE 0.0s

#5 [internal] load build context
#5 transferring context: 2.69MB 0.7s done
#5 DONE 0.7s

#6 [2/7] RUN apt-get update &&     apt-get install -y --no-install-recommends     build-essential     libjpeg-dev     zlib1g-dev     git     && apt-get clean &&     rm -rf /var/lib/apt/lists/*
#6 CACHED

#7 [3/7] RUN pip install --no-cache-dir --upgrade pip &&     pip install --no-cache-dir     tensorflow-quantum==0.7.2     cirq==0.13.1     sympy==1.8     pillow==9.0.1     numpy==1.21.6     pandas==1.3.5     matplotlib==3.5.1     seaborn==0.11.2     tqdm==4.64.0     scikit-learn==1.0.2     pytest==7.1.2
#7 CACHED

#8 [4/7] WORKDIR /app
#8 CACHED

#9 [5/7] COPY . .
#9 DONE 0.8s

#10 [6/7] RUN mkdir -p /app/phase2/results /app/phase3/results /app/phase4/results /app/phase5/results /app/phase6/results /app/phase7/results /app/utils
#10 DONE 0.2s

#11 [7/7] RUN python -m pytest     /app/phase2/test_rigor_phase2.py     /app/phase3/test_rigor_phase3.py     /app/phase4/test_rigor.py     /app/phase5/test_rigor_phase5.py     /app/phase6/test_rigor_phase6.py     /app/phase7/test_rigor_phase7.py     -v --tb=short
#11 0.386 ============================= test session starts ==============================
#11 0.386 platform linux -- Python 3.8.10, pytest-7.1.2, pluggy-1.5.0 -- /usr/local/bin/python
#11 0.386 cachedir: .pytest_cache
#11 0.386 rootdir: /app
#11 0.386 collecting ... collected 84 items
#11 4.658 
#11 4.658 phase2/test_rigor_phase2.py::TestPrepareDatasetReproducibility::test_determinism_with_seed PASSED [  1%]
#11 5.233 phase2/test_rigor_phase2.py::TestPrepareDatasetReproducibility::test_different_seeds_different_splits PASSED [  2%]
#11 5.694 phase2/test_rigor_phase2.py::TestPrepareDatasetReproducibility::test_no_overlap_between_train_test PASSED [  3%]
#11 5.976 phase2/test_rigor_phase2.py::TestPrepareDatasetReproducibility::test_no_pca_leakage PASSED [  4%]
#11 6.537 phase2/test_rigor_phase2.py::TestPrepareDatasetReproducibility::test_pca_output_shape PASSED [  5%]
#11 6.801 phase2/test_rigor_phase2.py::TestPrepareDatasetReproducibility::test_pca_values_in_unit_range PASSED [  7%]
#11 6.925 phase2/test_rigor_phase2.py::TestPrepareDatasetReproducibility::test_stratified_balance PASSED [  8%]
#11 7.160 phase2/test_rigor_phase2.py::TestConvertToCircuit::test_determinism PASSED [  9%]
#11 7.171 phase2/test_rigor_phase2.py::TestConvertToCircuit::test_gate_count PASSED [ 10%]
#11 7.181 phase2/test_rigor_phase2.py::TestConvertToCircuit::test_qubit_count PASSED [ 11%]
#11 7.184 phase2/test_rigor_phase2.py::TestConvertToCircuit::test_zero_features_trivial PASSED [ 13%]
#11 7.192 phase2/test_rigor_phase2.py::TestQuantumModel::test_readout_qubit PASSED [ 14%]
#11 7.202 phase2/test_rigor_phase2.py::TestQuantumModel::test_symbol_count PASSED  [ 15%]
#11 7.206 phase2/test_rigor_phase2.py::TestQuantumModel::test_unique_symbol_names PASSED [ 16%]
#11 7.231 phase2/test_rigor_phase2.py::TestBootstrapCI::test_ci_contains_mean PASSED [ 17%]
#11 7.481 phase2/test_rigor_phase2.py::TestBootstrapCI::test_ci_determinism PASSED [ 19%]
#11 7.839 phase2/test_rigor_phase2.py::TestSeedFunction::test_numpy_determinism PASSED [ 20%]
#11 7.842 phase3/test_rigor_phase3.py::TestAngleEncoding::test_angle_gate_count PASSED [ 21%]
#11 7.844 phase3/test_rigor_phase3.py::TestAngleEncoding::test_angle_qubit_count PASSED [ 22%]
#11 7.846 phase3/test_rigor_phase3.py::TestAngleEncoding::test_rotation_angles_scale_with_pi PASSED [ 23%]
#11 7.848 phase3/test_rigor_phase3.py::TestAngleEncoding::test_zero_features_identity_rotations PASSED [ 25%]
#11 7.849 phase3/test_rigor_phase3.py::TestVariableDepthModel::test_readout_qubit PASSED [ 26%]
#11 7.858 phase3/test_rigor_phase3.py::TestVariableDepthModel::test_single_layer_symbols PASSED [ 27%]
#11 7.861 phase3/test_rigor_phase3.py::TestVariableDepthModel::test_symbol_names_no_collision PASSED [ 28%]
#11 7.873 phase3/test_rigor_phase3.py::TestVariableDepthModel::test_two_layer_symbols PASSED [ 29%]
#11 7.878 phase3/test_rigor_phase3.py::TestHyperparamSweep::test_all_keys_present PASSED [ 30%]
#11 7.879 phase3/test_rigor_phase3.py::TestHyperparamSweep::test_combination_count PASSED [ 32%]
#11 7.880 phase3/test_rigor_phase3.py::TestHyperparamSweep::test_no_duplicates PASSED [ 33%]
#11 7.881 phase3/test_rigor_phase3.py::TestNestedCVStructure::test_outer_folds_cover_all_samples PASSED [ 34%]
#11 7.884 phase3/test_rigor_phase3.py::TestNestedCVStructure::test_outer_test_disjoint_from_inner PASSED [ 35%]
#11 7.888 phase3/test_rigor_phase3.py::TestNestedCVStructure::test_seed_reproducibility PASSED [ 36%]
#11 7.890 phase4/test_rigor.py::TestDataLoaderDeterminism::test_load_all_determinism PASSED [ 38%]
#11 9.179 phase4/test_rigor.py::TestDataLoaderDeterminism::test_load_determinism PASSED [ 39%]
#11 10.50 phase4/test_rigor.py::TestDataLoaderDeterminism::test_sorted_file_listing PASSED [ 40%]
#11 10.50 phase4/test_rigor.py::TestDataLoaderStratification::test_kfold_stratification PASSED [ 41%]
#11 11.14 phase4/test_rigor.py::TestDataLoaderStratification::test_stratification_quality PASSED [ 42%]
#11 11.75 phase4/test_rigor.py::TestDataNormalization::test_values_in_unit_range PASSED [ 44%]
#11 12.37 phase4/test_rigor.py::TestDataSampling::test_max_per_class PASSED        [ 45%]
#11 12.39 phase4/test_rigor.py::TestModelParameterCounts::test_fair_classical_params PASSED [ 46%]
#11 12.44 phase4/test_rigor.py::TestModelParameterCounts::test_qnn_params PASSED   [ 47%]
#11 13.62 phase4/test_rigor.py::TestQuantumCircuit::test_circuit_uses_all_qubits PASSED [ 48%]
#11 13.62 phase4/test_rigor.py::TestQuantumCircuit::test_operation_count PASSED    [ 50%]
#11 13.62 phase4/test_rigor.py::TestQuantumCircuit::test_zero_image_gives_identity_rotations PASSED [ 51%]
#11 13.62 phase4/test_rigor.py::TestExperimentUtils::test_compute_metrics_perfect PASSED [ 52%]
#11 13.63 phase4/test_rigor.py::TestExperimentUtils::test_compute_metrics_shape PASSED [ 53%]
#11 13.64 phase4/test_rigor.py::TestExperimentUtils::test_holm_bonferroni PASSED   [ 54%]
#11 13.64 phase4/test_rigor.py::TestExperimentUtils::test_majority_baseline PASSED [ 55%]
#11 13.64 phase4/test_rigor.py::TestExperimentUtils::test_paired_test_identical PASSED [ 57%]
#11 13.64 phase4/test_rigor.py::TestExperimentUtils::test_random_baseline PASSED   [ 58%]
#11 13.64 phase4/test_rigor.py::TestExperimentUtils::test_set_seed_reproducibility PASSED [ 59%]
#11 13.64 phase5/test_rigor_phase5.py::TestKCategoryDataDeterminism::test_load_k_all_determinism PASSED [ 60%]
#11 13.69 phase5/test_rigor_phase5.py::TestKCategoryDataDeterminism::test_load_k_categories_determinism PASSED [ 61%]
#11 14.92 phase5/test_rigor_phase5.py::TestKCategoryStratification::test_stratification_quality PASSED [ 63%]
#11 15.70 phase5/test_rigor_phase5.py::TestPCANoLeakage::test_pca_deterministic PASSED [ 64%]
#11 16.55 phase5/test_rigor_phase5.py::TestPCANoLeakage::test_pca_returns_correct_shapes PASSED [ 65%]
#11 17.38 phase5/test_rigor_phase5.py::TestBootstrapCI::test_ci_contains_mean PASSED [ 66%]
#11 17.54 phase5/test_rigor_phase5.py::TestBootstrapCI::test_ci_level PASSED       [ 67%]
#11 17.74 phase5/test_rigor_phase5.py::TestBootstrapCI::test_ci_narrows_with_low_variance PASSED [ 69%]
#11 18.10 phase5/test_rigor_phase5.py::TestBootstrapCI::test_ci_reproducible PASSED [ 70%]
#11 18.46 phase5/test_rigor_phase5.py::TestSeedReproducibility::test_set_seed PASSED [ 71%]
#11 18.46 phase6/test_rigor_phase6.py::TestSaliencyCircuit::test_symbol_count PASSED [ 72%]
#11 18.48 phase6/test_rigor_phase6.py::TestSaliencyCircuit::test_symbol_ordering PASSED [ 73%]
#11 18.49 phase6/test_rigor_phase6.py::TestSaliencyCircuit::test_two_layer_circuit PASSED [ 75%]
#11 18.50 phase6/test_rigor_phase6.py::TestSeedReproducibility::test_seed_produces_identical_rng PASSED [ 76%]
#11 18.51 phase7/test_rigor_phase7.py::TestPQCConstruction::test_increasing_layers PASSED [ 77%]
#11 18.51 phase7/test_rigor_phase7.py::TestPQCConstruction::test_qubit_count PASSED [ 78%]
#11 18.51 phase7/test_rigor_phase7.py::TestPQCConstruction::test_symbol_count_per_layer PASSED [ 79%]
#11 18.52 phase7/test_rigor_phase7.py::TestProductionPQC::test_data_qubit_grid PASSED [ 80%]
#11 18.53 phase7/test_rigor_phase7.py::TestProductionPQC::test_entanglement_gate_count PASSED [ 82%]
#11 18.53 phase7/test_rigor_phase7.py::TestProductionPQC::test_no_symbol_collisions PASSED [ 83%]
#11 18.55 phase7/test_rigor_phase7.py::TestProductionPQC::test_qubit_count PASSED  [ 84%]
#11 18.55 phase7/test_rigor_phase7.py::TestProductionPQC::test_readout_qubit_position PASSED [ 85%]
#11 18.55 phase7/test_rigor_phase7.py::TestProductionPQC::test_symbol_names_match_phase5 PASSED [ 86%]
#11 18.56 phase7/test_rigor_phase7.py::TestProductionPQC::test_symbols_per_layer PASSED [ 88%]
#11 18.57 phase7/test_rigor_phase7.py::TestHaarDistribution::test_normalization PASSED [ 89%]
#11 18.57 phase7/test_rigor_phase7.py::TestHaarDistribution::test_shape PASSED     [ 90%]
#11 18.57 phase7/test_rigor_phase7.py::TestFidelitySampling::test_fidelity_range PASSED [ 91%]
#11 18.76 phase7/test_rigor_phase7.py::TestFidelitySampling::test_reproducibility PASSED [ 92%]
#11 18.83 phase7/test_rigor_phase7.py::TestExpressibility::test_kl_non_negative PASSED [ 94%]
#11 19.30 phase7/test_rigor_phase7.py::TestMeyerWallach::test_entanglement_range PASSED [ 95%]
#11 19.36 phase7/test_rigor_phase7.py::TestMeyerWallach::test_reproducibility PASSED [ 96%]
#11 19.38 phase7/test_rigor_phase7.py::TestMeyerWallach::test_returns_dict PASSED  [ 97%]
#11 19.40 phase7/test_rigor_phase7.py::TestBootstrapCI::test_ci_contains_mean PASSED [ 98%]
#11 19.60 phase7/test_rigor_phase7.py::TestBootstrapCI::test_reproducibility PASSED [100%]
#11 19.97 
#11 19.97 =============================== warnings summary ===============================
#11 19.97 phase2/plankton_ingress.py:1
#11 19.97   /app/phase2/plankton_ingress.py:1: DeprecationWarning: invalid escape sequence \ 
#11 19.97     """
#11 19.97 
#11 19.97 phase2/binary_quantum_classifier.py:1
#11 19.97   /app/phase2/binary_quantum_classifier.py:1: DeprecationWarning: invalid escape sequence \ 
#11 19.97     """
#11 19.97 
#11 19.97 ../usr/local/lib/python3.8/dist-packages/flatbuffers/compat.py:19
#11 19.97   /usr/local/lib/python3.8/dist-packages/flatbuffers/compat.py:19: DeprecationWarning: the imp module is deprecated in favour of importlib; see the module's documentation for alternative uses
#11 19.97     import imp
#11 19.97 
#11 19.97 -- Docs: https://docs.pytest.org/en/stable/how-to/capture-warnings.html
#11 19.97 ======================= 84 passed, 3 warnings in 19.59s ========================
