=== Starting Quantum Plankton Pipeline ===
Timestamp: 20260304_171603
Cooldown period: 60 seconds
Log file: /Users/enrique/Desktop/fun_repos/quantum-mnist/logs/pipeline_20260304_171603.log
Platform: linux/amd64


--- Phase 1: Build Docker Image ---
Command: docker build --platform linux/amd64 -t quantum-plankton .
Started: 2026-03-04 17:16:03
#0 building with "desktop-linux" instance using docker driver

#1 [internal] load build definition from Dockerfile
#1 transferring dockerfile: 1.62kB 0.0s done
#1 DONE 0.0s

#2 [internal] load metadata for docker.io/tensorflow/tensorflow:2.7.0
#2 DONE 0.7s

#3 [internal] load .dockerignore
#3 transferring context: 103B done
#3 DONE 0.0s

#4 [1/7] FROM docker.io/tensorflow/tensorflow:2.7.0@sha256:31e09cf438a41f12c759cc8cc79c6b0fbb0db5abfc3de8169e916c8c9ac38dc5
#4 resolve docker.io/tensorflow/tensorflow:2.7.0@sha256:31e09cf438a41f12c759cc8cc79c6b0fbb0db5abfc3de8169e916c8c9ac38dc5 done
#4 DONE 0.0s

#5 [internal] load build context
#5 transferring context: 2.66MB 0.7s done
#5 DONE 0.7s

#6 [2/7] RUN apt-get update &&     apt-get install -y --no-install-recommends     build-essential     libjpeg-dev     zlib1g-dev     git     && apt-get clean &&     rm -rf /var/lib/apt/lists/*
#6 CACHED

#7 [3/7] RUN pip install --no-cache-dir --upgrade pip &&     pip install --no-cache-dir     tensorflow-quantum==0.7.2     cirq==0.13.1     sympy==1.8     pillow==9.0.1     numpy==1.21.6     pandas==1.3.5     matplotlib==3.5.1     seaborn==0.11.2     tqdm==4.64.0     scikit-learn==1.0.2     pytest==7.1.2
#7 CACHED

#8 [4/7] WORKDIR /app
#8 CACHED

#9 [5/7] COPY . .
#9 DONE 1.3s

#10 [6/7] RUN mkdir -p /app/phase2/results /app/phase3/results /app/phase4/results /app/phase5/results /app/phase6/results /app/phase7/results /app/utils
#10 DONE 0.2s

#11 [7/7] RUN python -m pytest     /app/phase2/test_rigor_phase2.py     /app/phase3/test_rigor_phase3.py     /app/phase4/test_rigor.py     /app/phase5/test_rigor_phase5.py     /app/phase6/test_rigor_phase6.py     /app/phase7/test_rigor_phase7.py     -v --tb=short
#11 0.379 ============================= test session starts ==============================
#11 0.379 platform linux -- Python 3.8.10, pytest-7.1.2, pluggy-1.5.0 -- /usr/local/bin/python
#11 0.379 cachedir: .pytest_cache
#11 0.379 rootdir: /app
#11 0.379 collecting ... collected 82 items
#11 4.382 
#11 4.382 phase2/test_rigor_phase2.py::TestPrepareDatasetReproducibility::test_determinism_with_seed PASSED [  1%]
#11 4.430 phase2/test_rigor_phase2.py::TestPrepareDatasetReproducibility::test_different_seeds_different_splits PASSED [  2%]
#11 4.461 phase2/test_rigor_phase2.py::TestPrepareDatasetReproducibility::test_no_overlap_between_train_test PASSED [  3%]
#11 4.476 phase2/test_rigor_phase2.py::TestPrepareDatasetReproducibility::test_stratified_balance PASSED [  4%]
#11 4.497 phase2/test_rigor_phase2.py::TestConvertToCircuit::test_determinism PASSED [  6%]
#11 4.502 phase2/test_rigor_phase2.py::TestConvertToCircuit::test_gate_count PASSED [  7%]
#11 4.504 phase2/test_rigor_phase2.py::TestConvertToCircuit::test_qubit_count PASSED [  8%]
#11 4.505 phase2/test_rigor_phase2.py::TestConvertToCircuit::test_zero_image_trivial PASSED [  9%]
#11 4.507 phase2/test_rigor_phase2.py::TestQuantumModel::test_entanglement_present PASSED [ 10%]
#11 4.519 phase2/test_rigor_phase2.py::TestQuantumModel::test_readout_qubit PASSED [ 12%]
#11 4.523 phase2/test_rigor_phase2.py::TestQuantumModel::test_symbol_count PASSED  [ 13%]
#11 4.527 phase2/test_rigor_phase2.py::TestBootstrapCI::test_ci_contains_mean PASSED [ 14%]
#11 4.701 phase2/test_rigor_phase2.py::TestBootstrapCI::test_ci_determinism PASSED [ 15%]
#11 5.041 phase2/test_rigor_phase2.py::TestSeedFunction::test_numpy_determinism PASSED [ 17%]
#11 5.044 phase3/test_rigor_phase3.py::TestAngleEncoding::test_angle_gate_count PASSED [ 18%]
#11 5.046 phase3/test_rigor_phase3.py::TestAngleEncoding::test_angle_qubit_count PASSED [ 19%]
#11 5.047 phase3/test_rigor_phase3.py::TestBasisEncoding::test_all_ones_full_gates PASSED [ 20%]
#11 5.049 phase3/test_rigor_phase3.py::TestBasisEncoding::test_all_zeros_no_gates PASSED [ 21%]
#11 5.050 phase3/test_rigor_phase3.py::TestBasisEncoding::test_basis_gate_count PASSED [ 23%]
#11 5.052 phase3/test_rigor_phase3.py::TestVariableDepthModel::test_readout_qubit PASSED [ 24%]
#11 5.059 phase3/test_rigor_phase3.py::TestVariableDepthModel::test_single_layer_symbols PASSED [ 25%]
#11 5.062 phase3/test_rigor_phase3.py::TestVariableDepthModel::test_symbol_names_no_collision PASSED [ 26%]
#11 5.073 phase3/test_rigor_phase3.py::TestVariableDepthModel::test_two_layer_symbols PASSED [ 28%]
#11 5.078 phase3/test_rigor_phase3.py::TestHyperparamSweep::test_all_keys_present PASSED [ 29%]
#11 5.079 phase3/test_rigor_phase3.py::TestHyperparamSweep::test_combination_count PASSED [ 30%]
#11 5.080 phase3/test_rigor_phase3.py::TestHyperparamSweep::test_no_duplicates PASSED [ 31%]
#11 5.082 phase3/test_rigor_phase3.py::TestNestedCVStructure::test_outer_folds_cover_all_samples PASSED [ 32%]
#11 5.085 phase3/test_rigor_phase3.py::TestNestedCVStructure::test_outer_test_disjoint_from_inner PASSED [ 34%]
#11 5.088 phase3/test_rigor_phase3.py::TestNestedCVStructure::test_seed_reproducibility PASSED [ 35%]
#11 5.090 phase4/test_rigor.py::TestDataLoaderDeterminism::test_load_all_determinism PASSED [ 36%]
#11 6.332 phase4/test_rigor.py::TestDataLoaderDeterminism::test_load_determinism PASSED [ 37%]
#11 7.536 phase4/test_rigor.py::TestDataLoaderDeterminism::test_sorted_file_listing PASSED [ 39%]
#11 7.540 phase4/test_rigor.py::TestDataLoaderStratification::test_kfold_stratification PASSED [ 40%]
#11 8.141 phase4/test_rigor.py::TestDataLoaderStratification::test_stratification_quality PASSED [ 41%]
#11 8.745 phase4/test_rigor.py::TestDataNormalization::test_values_in_unit_range PASSED [ 42%]
#11 9.362 phase4/test_rigor.py::TestDataSampling::test_max_per_class PASSED        [ 43%]
#11 9.383 phase4/test_rigor.py::TestModelParameterCounts::test_fair_classical_params PASSED [ 45%]
#11 9.441 phase4/test_rigor.py::TestModelParameterCounts::test_qnn_params PASSED   [ 46%]
#11 10.57 phase4/test_rigor.py::TestQuantumCircuit::test_circuit_uses_all_qubits PASSED [ 47%]
#11 10.57 phase4/test_rigor.py::TestQuantumCircuit::test_operation_count PASSED    [ 48%]
#11 10.57 phase4/test_rigor.py::TestQuantumCircuit::test_zero_image_gives_identity_rotations PASSED [ 50%]
#11 10.58 phase4/test_rigor.py::TestExperimentUtils::test_compute_metrics_perfect PASSED [ 51%]
#11 10.58 phase4/test_rigor.py::TestExperimentUtils::test_compute_metrics_shape PASSED [ 52%]
#11 10.59 phase4/test_rigor.py::TestExperimentUtils::test_holm_bonferroni PASSED   [ 53%]
#11 10.59 phase4/test_rigor.py::TestExperimentUtils::test_majority_baseline PASSED [ 54%]
#11 10.59 phase4/test_rigor.py::TestExperimentUtils::test_paired_test_identical PASSED [ 56%]
#11 10.59 phase4/test_rigor.py::TestExperimentUtils::test_random_baseline PASSED   [ 57%]
#11 10.59 phase4/test_rigor.py::TestExperimentUtils::test_set_seed_reproducibility PASSED [ 58%]
#11 10.60 phase5/test_rigor_phase5.py::TestKCategoryDataDeterminism::test_load_k_all_determinism PASSED [ 59%]
#11 10.64 phase5/test_rigor_phase5.py::TestKCategoryDataDeterminism::test_load_k_categories_determinism PASSED [ 60%]
#11 11.90 phase5/test_rigor_phase5.py::TestKCategoryStratification::test_stratification_quality PASSED [ 62%]
#11 12.70 phase5/test_rigor_phase5.py::TestPCANoLeakage::test_pca_deterministic PASSED [ 63%]
#11 13.48 phase5/test_rigor_phase5.py::TestPCANoLeakage::test_pca_returns_correct_shapes PASSED [ 64%]
#11 14.30 phase5/test_rigor_phase5.py::TestBootstrapCI::test_ci_contains_mean PASSED [ 65%]
#11 14.43 phase5/test_rigor_phase5.py::TestBootstrapCI::test_ci_level PASSED       [ 67%]
#11 14.65 phase5/test_rigor_phase5.py::TestBootstrapCI::test_ci_narrows_with_low_variance PASSED [ 68%]
#11 14.99 phase5/test_rigor_phase5.py::TestBootstrapCI::test_ci_reproducible PASSED [ 69%]
#11 15.33 phase5/test_rigor_phase5.py::TestSeedReproducibility::test_set_seed PASSED [ 70%]
#11 15.33 phase6/test_rigor_phase6.py::TestSaliencyCircuit::test_symbol_count PASSED [ 71%]
#11 15.35 phase6/test_rigor_phase6.py::TestSaliencyCircuit::test_symbol_ordering PASSED [ 73%]
#11 15.36 phase6/test_rigor_phase6.py::TestSaliencyCircuit::test_two_layer_circuit PASSED [ 74%]
#11 15.37 phase6/test_rigor_phase6.py::TestSeedReproducibility::test_seed_produces_identical_rng PASSED [ 75%]
#11 15.37 phase7/test_rigor_phase7.py::TestPQCConstruction::test_increasing_layers PASSED [ 76%]
#11 15.38 phase7/test_rigor_phase7.py::TestPQCConstruction::test_qubit_count PASSED [ 78%]
#11 15.38 phase7/test_rigor_phase7.py::TestPQCConstruction::test_symbol_count_per_layer PASSED [ 79%]
#11 15.38 phase7/test_rigor_phase7.py::TestProductionPQC::test_data_qubit_grid PASSED [ 80%]
#11 15.39 phase7/test_rigor_phase7.py::TestProductionPQC::test_entanglement_gate_count PASSED [ 81%]
#11 15.39 phase7/test_rigor_phase7.py::TestProductionPQC::test_no_symbol_collisions PASSED [ 82%]
#11 15.40 phase7/test_rigor_phase7.py::TestProductionPQC::test_qubit_count PASSED  [ 84%]
#11 15.41 phase7/test_rigor_phase7.py::TestProductionPQC::test_readout_qubit_position PASSED [ 85%]
#11 15.41 phase7/test_rigor_phase7.py::TestProductionPQC::test_symbol_names_match_phase5 PASSED [ 86%]
#11 15.41 phase7/test_rigor_phase7.py::TestProductionPQC::test_symbols_per_layer PASSED [ 87%]
#11 15.43 phase7/test_rigor_phase7.py::TestHaarDistribution::test_normalization PASSED [ 89%]
#11 15.43 phase7/test_rigor_phase7.py::TestHaarDistribution::test_shape PASSED     [ 90%]
#11 15.43 phase7/test_rigor_phase7.py::TestFidelitySampling::test_fidelity_range PASSED [ 91%]
#11 15.58 phase7/test_rigor_phase7.py::TestFidelitySampling::test_reproducibility PASSED [ 92%]
#11 15.64 phase7/test_rigor_phase7.py::TestExpressibility::test_kl_non_negative PASSED [ 93%]
#11 16.04 phase7/test_rigor_phase7.py::TestMeyerWallach::test_entanglement_range PASSED [ 95%]
#11 16.08 phase7/test_rigor_phase7.py::TestMeyerWallach::test_reproducibility PASSED [ 96%]
#11 16.10 phase7/test_rigor_phase7.py::TestMeyerWallach::test_returns_dict PASSED  [ 97%]
#11 16.12 phase7/test_rigor_phase7.py::TestBootstrapCI::test_ci_contains_mean PASSED [ 98%]
#11 16.29 phase7/test_rigor_phase7.py::TestBootstrapCI::test_reproducibility PASSED [100%]
#11 16.63 
#11 16.63 =============================== warnings summary ===============================
#11 16.63 phase2/plankton_ingress.py:1
#11 16.63   /app/phase2/plankton_ingress.py:1: DeprecationWarning: invalid escape sequence \ 
#11 16.63     """
#11 16.63 
#11 16.63 phase2/binary_quantum_classifier.py:1
#11 16.63   /app/phase2/binary_quantum_classifier.py:1: DeprecationWarning: invalid escape sequence \ 
#11 16.63     """
#11 16.63 
#11 16.63 ../usr/local/lib/python3.8/dist-packages/flatbuffers/compat.py:19
#11 16.63   /usr/local/lib/python3.8/dist-packages/flatbuffers/compat.py:19: DeprecationWarning: the imp module is deprecated in favour of importlib; see the module's documentation for alternative uses
#11 16.63     import imp
#11 16.63 
#11 16.63 utils/experiment_utils.py:1
#11 16.63   /app/utils/experiment_utils.py:1: DeprecationWarning: invalid escape sequence \ 
#11 16.63     """
#11 16.63 
#11 16.63 phase3/optimize_binary_classifier.py:1
#11 16.63   /app/phase3/optimize_binary_classifier.py:1: DeprecationWarning: invalid escape sequence \ 
#11 16.63     """
#11 16.63 
#11 16.63 phase4/test_rigor.py:1
#11 16.63   /app/phase4/test_rigor.py:1: DeprecationWarning: invalid escape sequence \ 
#11 16.63     """
#11 16.63 
#11 16.63 phase4/data_loader.py:1
#11 16.63   /app/phase4/data_loader.py:1: DeprecationWarning: invalid escape sequence \ 
#11 16.63     """
#11 16.63 
#11 16.63 phase4/run_experiments.py:1
#11 16.63   /app/phase4/run_experiments.py:1: DeprecationWarning: invalid escape sequence \ 
#11 16.63     """
#11 16.63 
#11 16.63 phase5/data_loader.py:1
#11 16.63   /app/phase5/data_loader.py:1: DeprecationWarning: invalid escape sequence \ 
#11 16.63     """
#11 16.63 
#11 16.63 phase6/quantum_saliency.py:1
#11 16.63   /app/phase6/quantum_saliency.py:1: DeprecationWarning: invalid escape sequence \ 
#11 16.63     """
#11 16.63 
#11 16.63 phase7/quantum_rigor.py:1
#11 16.63   /app/phase7/quantum_rigor.py:1: DeprecationWarning: invalid escape sequence \ 
#11 16.63     """
#11 16.63 
#11 16.63 -- Docs: https://docs.pytest.org/en/stable/how-to/capture-warnings.html
#11 16.63 ======================= 82 passed, 11 warnings in 16.25s =======================
#11 DONE 17.0s

#12 exporting to image
#12 exporting layers
#12 exporting layers 5.0s done
#12 exporting manifest sha256:c763dd91158b68ea5ef15c1d50e5faf5669c9be9c0150670e9ee761c35a20099 done
#12 exporting config sha256:6395667fc3a0b3fcb42b693e1e05677c59f84a2b7b8f29949ca2770e27682e52 done
#12 exporting attestation manifest sha256:75430d350646c6f1a47343b6e3fb187ca569fae43489766f8ba2d2ec81eb2e06 done
#12 exporting manifest list sha256:90e1109a839a4b25594c697801d5c49d737efaed29725d9c3a81f44fc56491f2 done
#12 naming to docker.io/library/quantum-plankton:latest done
#12 DONE 5.0s
Completed: Build Docker Image (elapsed 26s)
Cooling down for 60 seconds...
